
> ncmaz-nextjs@2.0.0 build
> next build

   Γû▓ Next.js 15.5.7
   - Environments: .env.local

   Creating an optimized production build ...
node.exe : <w> [webpack.cache.PackFileCacheStrategy] Caching failed for pack: 
Error: ENOENT: no such file or directory, rename 'D:\work\live_projects\blog\bl
og-front\.next\cache\webpack\client-production\0.pack_' -> 'D:\work\live_projec
ts\blog\blog-front\.next\cache\webpack\client-production\0.pack'
At C:\Program Files (x86)\nodejs\npm.ps1:16 char:5
+     & "$basedir/node$exe"  "$basedir/node_modules/npm/bin/npm-cli.js" ...
+     ~~~~~~~~~~~~~~~~~~~~~~~~~~~~~~~~~~~~~~~~~~~~~~~~~~~~~~~~~~~~~~~~~
    + CategoryInfo          : NotSpecified: (<w> [webpack.ca...duction\0.pack' 
   :String) [], RemoteException
    + FullyQualifiedErrorId : NativeCommandError
 
 Γ£ô Compiled successfully in 46s
   Linting and checking validity of types ...
Failed to compile.

./src/app/(auth)/signup/SignupForm.tsx:35:51
Type error: Argument of type '{ email: string; password: string; username: 
string; role: string; }' is not assignable to parameter of type 'RegisterDto'.
  Object literal may only specify known properties, and 'role' does not exist 
in type 'RegisterDto'.

[0m [90m 33 |[39m
 [90m 34 |[39m     [36mtry[39m {
[31m[1m>[22m[39m[90m 35 |[39m       [36mawait[39m register({ 
email[33m,[39m password[33m,[39m username[33m,[39m role[33m:[39m 
[32m'user'[39m })[33m.[39munwrap()
 [90m    |[39m                                                   
[31m[1m^[22m[39m
 [90m 36 |[39m       [90m// Registration successful - account is PENDING 
admin approval[39m
 [90m 37 |[39m       setRegistered([36mtrue[39m)
 [90m 38 |[39m     } [36mcatch[39m (err[33m:[39m any) {[0m
Next.js build worker exited with code: 1 and signal: null
